[
  {
   "Offset": 0,
   "Length": 100000,
   "IsSparse": true
  },
  {
   "Offset": 100000,
   "Length": 200000,
   "IsSparse": false
  },
  {
   "Offset": 300000,
   "Length": 200000,
   "IsSparse": true
  },
  {
   "Offset": 500000,
   "Length": 500000,
   "IsSparse": false
  }
 ]